
Array
(
    [0] => Content-Type: text/plain; charset=utf-8
    [1] => Cache-Control: no-cache, private
    [2] => Date: Thu, 05 Apr 2018 12:12:12 GMT
    [3] => Set-Cookie: key=value; path=/; domain=example.org; httponly; samesite=strict
)
shutdown
